...........................................
string-body saturation diagnostic (report only)
variant               n  median    p90    max  open-quote
j0                 3706       5     27    583           6
j1                 1374      10     34    501          26
j2                  380       0     19    478           1
mask                630       0     12    132          27
unconstrained      1298       0     23    382          25
  open quote in a guarantee arm: j0 ('exp_h2_marmap.json', 'live_simple_188-113-0')
  open quote in a guarantee arm: j0 ('exp_marmap_b0.01.json', 'live_simple_35-12-0')
  open quote in a guarantee arm: j0 ('exp_marmap_b0.01.json', 'live_simple_123-79-0')
  open quote in a guarantee arm: j0 ('exp_marmap_b0.1.json', 'live_simple_123-79-0')
  open quote in a guarantee arm: j0 ('exp_marmap_b0.5.json', 'live_simple_120-76-0')
  open quote in a guarantee arm: j1 ('exp_e2_prompt_j1.json', 'live_simple_0-0-0')
  open quote in a guarantee arm: j1 ('exp_e2_prompt_j1.json', 'live_simple_5-3-1')
  open quote in a guarantee arm: j1 ('exp_e2_prompt_j1.json', 'live_simple_7-3-3')
  open quote in a guarantee arm: j1 ('exp_e2_prompt_j1.json', 'live_simple_9-3-5')
  open quote in a guarantee arm: j1 ('exp_e2_prompt_j1.json', 'live_simple_10-3-6')
..                            [100%]
45 passed in 90.75s (0:01:30)
