[eval] task=countdown variant=j0 emission=sample n=250
2026-08-08 23:10:15.164181: W external/local_xla/xla/tsl/platform/cloud/google_auth_provider.cc:185] All attempts to get a Google authentication bearer token failed, returning an empty token. Retrieving token from files failed with "NOT_FOUND: Could not locate the credentials file.". Retrieving token from GCE failed with "FAILED_PRECONDITION: Error executing an HTTP request: libcurl code 6 meaning 'Could not resolve hostname', error details: Could not resolve host: metadata.google.internal".
/home/ubuntu/diffgemma_fa/.venv/lib/python3.12/site-packages/jax/_src/ops/scatter.py:105: FutureWarning: scatter inputs have incompatible types: cannot safely cast value from dtype=int64 to dtype=int32 with jax_numpy_dtype_promotion=standard. In future JAX releases this will result in an error.
  warnings.warn(
  [20/250] CS=0.650 solved=0.000
  [30/250] CS=0.700 solved=0.000
  [50/250] CS=0.680 solved=0.020
  [60/250] CS=0.683 solved=0.017
  [70/250] CS=0.671 solved=0.014
  [80/250] CS=0.675 solved=0.013
  [100/250] CS=0.680 solved=0.020
  [110/250] CS=0.673 solved=0.018
  [120/250] CS=0.692 solved=0.017
  [130/250] CS=0.685 solved=0.015
  [140/250] CS=0.707 solved=0.021
  [160/250] CS=0.700 solved=0.019
  [170/250] CS=0.700 solved=0.018
  [180/250] CS=0.706 solved=0.017
  [190/250] CS=0.700 solved=0.016
  [200/250] CS=0.705 solved=0.020
  [210/250] CS=0.705 solved=0.029
  [220/250] CS=0.709 solved=0.027
  [230/250] CS=0.717 solved=0.035
  [240/250] CS=0.708 solved=0.033

===== RESULT =====
task: countdown
variant: j0
emission: sample
n: 250
records_available: 250
cs_rate: 0.708
solve_rate: 0.032
parsed: 177
parse_rate: 0.708
zero_partition: 73
oom: 0
skipped_by_reason: {}
failure_reasons: {'operand 4 not available': 11, 'arithmetic': 7, 'operand 7 not available': 8, 'operand 1 not available': 28, 'operand 2 not available': 14, 'operand 123 not available': 1, 'operand 105 not available': 1, 'operand 69 not available': 1, 'operand 6 not available': 11, 'operand 5 not available': 10, 'operand 8 not available': 14, 'operand 3 not available': 8, 'operand 44 not available': 1, 'operand 169 not available': 1, 'final 77 != target 76': 1, 'operand 138 not available': 1, 'operand 9 not available': 7, 'ok': 8, 'operand 146 not available': 1, 'operand 0 not available': 10, 'operand 140 not available': 2, 'operand 142 not available': 2, 'operand 100 not available': 2, 'unparsable step': 4, 'operand 126 not available': 1, 'operand 149 not available': 1, 'operand 186 not available': 1, 'final 96 != target 10': 1, 'operand 711 not available': 1, 'operand 29 not available': 1, 'operand 170 not available': 1, 'operand 101 not available': 1, 'operand 33 not available': 1, 'operand 110 not available': 1, 'operand 129 not available': 1, 'operand 828 not available': 1, 'operand 117 not available': 2, 'final 13 != target 25': 1, 'operand 130 not available': 1, 'operand 102 not available': 1, 'operand 128 not available': 1, 'operand 76 not available': 1, 'operand 157 not available': 1, 'operand 900 not available': 1, 'operand 135 not available': 1, 'operand 151 not available': 1}
elapsed_seconds: 2754.2

wrote artifacts/task_countdown_j0sample_refixed.json
