[eval] task=countdown variant=j0 emission=map n=250
2026-08-08 18:26:59.464834: W external/local_xla/xla/tsl/platform/cloud/google_auth_provider.cc:185] All attempts to get a Google authentication bearer token failed, returning an empty token. Retrieving token from files failed with "NOT_FOUND: Could not locate the credentials file.". Retrieving token from GCE failed with "FAILED_PRECONDITION: Error executing an HTTP request: libcurl code 6 meaning 'Could not resolve hostname', error details: Could not resolve host: metadata.google.internal".
/home/ubuntu/diffgemma_fa/.venv/lib/python3.12/site-packages/jax/_src/ops/scatter.py:105: FutureWarning: scatter inputs have incompatible types: cannot safely cast value from dtype=int64 to dtype=int32 with jax_numpy_dtype_promotion=standard. In future JAX releases this will result in an error.
  warnings.warn(
  [10/250] CS=1.000 solved=0.000
  [20/250] CS=1.000 solved=0.000
  [30/250] CS=1.000 solved=0.000
  [40/250] CS=1.000 solved=0.025
  [50/250] CS=1.000 solved=0.040
  [60/250] CS=1.000 solved=0.033
  [70/250] CS=1.000 solved=0.029
  [80/250] CS=1.000 solved=0.025
  [90/250] CS=1.000 solved=0.022
  [100/250] CS=1.000 solved=0.030
  [110/250] CS=1.000 solved=0.027
  [120/250] CS=1.000 solved=0.025
  [130/250] CS=1.000 solved=0.023
  [140/250] CS=1.000 solved=0.029
  [150/250] CS=1.000 solved=0.027
  [160/250] CS=1.000 solved=0.025
  [170/250] CS=1.000 solved=0.024
  [180/250] CS=1.000 solved=0.022
  [190/250] CS=1.000 solved=0.021
  [200/250] CS=1.000 solved=0.025
  [210/250] CS=1.000 solved=0.033
  [220/250] CS=1.000 solved=0.032
  [230/250] CS=1.000 solved=0.039
  [240/250] CS=1.000 solved=0.037
  [250/250] CS=1.000 solved=0.036

===== RESULT =====
task: countdown
variant: j0
emission: map
n: 250
records_available: 250
cs_rate: 1.0
solve_rate: 0.036
parsed: 250
parse_rate: 1.0
zero_partition: 0
oom: 0
skipped_by_reason: {}
failure_reasons: {'operand 1 not available': 101, 'operand 4 not available': 11, 'arithmetic': 7, 'operand 7 not available': 7, 'operand 2 not available': 15, 'operand 123 not available': 1, 'operand 105 not available': 1, 'operand 69 not available': 1, 'operand 6 not available': 12, 'operand 5 not available': 11, 'operand 8 not available': 13, 'operand 3 not available': 8, 'operand 44 not available': 1, 'operand 169 not available': 1, 'ok': 9, 'operand 138 not available': 1, 'operand 9 not available': 7, 'operand 146 not available': 1, 'operand 0 not available': 10, 'operand 140 not available': 2, 'operand 142 not available': 2, 'operand 100 not available': 2, 'unparsable step': 3, 'operand 126 not available': 1, 'operand 149 not available': 1, 'operand 186 not available': 1, 'final 96 != target 10': 1, 'operand 711 not available': 1, 'operand 29 not available': 1, 'operand 117 not available': 3, 'operand 101 not available': 1, 'operand 33 not available': 1, 'operand 110 not available': 1, 'operand 129 not available': 1, 'operand 128 not available': 2, 'final 13 != target 25': 1, 'operand 130 not available': 1, 'operand 102 not available': 1, 'operand 76 not available': 1, 'operand 157 not available': 1, 'operand 900 not available': 1, 'operand 135 not available': 1, 'operand 151 not available': 1}
elapsed_seconds: 2772.0

wrote artifacts/task_countdown_j0map_refixed.json
