[eval] task=bfcl_live_simple variant=j1 emission=sample bound=0.003
2026-08-02 20:03:48.420475: W external/local_xla/xla/tsl/platform/cloud/google_auth_provider.cc:185] All attempts to get a Google authentication bearer token failed, returning an empty token. Retrieving token from files failed with "NOT_FOUND: Could not locate the credentials file.". Retrieving token from GCE failed with "FAILED_PRECONDITION: Error executing an HTTP request: libcurl code 6 meaning 'Could not resolve hostname', error details: Could not resolve host: metadata.google.internal".
/home/ubuntu/diffgemma_fa/.venv/lib/python3.12/site-packages/jax/_src/ops/scatter.py:105: FutureWarning: scatter inputs have incompatible types: cannot safely cast value from dtype=int64 to dtype=int32 with jax_numpy_dtype_promotion=standard. In future JAX releases this will result in an error.
  warnings.warn(
E0802 20:06:21.746663 1377758 slow_operation_alarm.cc:73] 
********************************
[Compiling module input_reduce_fusion.54 for GPU] Very slow compile? If you want to file a bug, run with envvar XLA_FLAGS=--xla_dump_to=/tmp/foo and attach the results.
********************************
E0802 20:06:21.795848 1377758 slow_operation_alarm.cc:73] 
********************************
[Compiling module input_reduce_fusion.55 for GPU] Very slow compile? If you want to file a bug, run with envvar XLA_FLAGS=--xla_dump_to=/tmp/foo and attach the results.
********************************
E0802 20:16:12.259723 1377584 slow_operation_alarm.cc:140] The operation took 11m50.51316022s

********************************
[Compiling module input_reduce_fusion.54 for GPU] Very slow compile? If you want to file a bug, run with envvar XLA_FLAGS=--xla_dump_to=/tmp/foo and attach the results.
********************************
E0802 20:45:11.868649 1377581 slow_operation_alarm.cc:140] The operation took 40m50.072862298s

********************************
[Compiling module input_reduce_fusion.55 for GPU] Very slow compile? If you want to file a bug, run with envvar XLA_FLAGS=--xla_dump_to=/tmp/foo and attach the results.
********************************
