=== exp_marmap_b0.01 ===
    n: 130
    cs_rate: 0.9923
    schema_valid_rate: 0.9923
    nonempty_rate: 0.8846
    arg_accuracy: 0.6389
    exact_call_rate: 0.5077
    zero_partition: 0
    oom: 1
=== exp_marmap_b0.1 ===
    n: 130
    cs_rate: 0.9923
    schema_valid_rate: 0.9923
    nonempty_rate: 0.8923
    arg_accuracy: 0.6562
    exact_call_rate: 0.5077
    zero_partition: 0
    oom: 1
=== exp_marmap_b0.5 ===
    n: 130
    cs_rate: 0.9923
    schema_valid_rate: 0.9923
    nonempty_rate: 0.8846
    arg_accuracy: 0.6458
    exact_call_rate: 0.5077
    zero_partition: 0
    oom: 1
MAR MAP DONE
