[load] model + params
[load] done; cache_length=4096 max_out_length=2048
2026-07-28 00:55:07.920298: W external/local_xla/xla/tsl/platform/cloud/google_auth_provider.cc:185] All attempts to get a Google authentication bearer token failed, returning an empty token. Retrieving token from files failed with "NOT_FOUND: Could not locate the credentials file.". Retrieving token from GCE failed with "FAILED_PRECONDITION: Error executing an HTTP request: libcurl code 6 meaning 'Could not resolve hostname', error details: Could not resolve host: metadata.google.internal".
/home/ubuntu/diffgemma_fa/.venv/lib/python3.12/site-packages/jax/_src/ops/scatter.py:105: FutureWarning: scatter inputs have incompatible types: cannot safely cast value from dtype=int64 to dtype=int32 with jax_numpy_dtype_promotion=standard. In future JAX releases this will result in an error.
  warnings.warn(
[00] get_user_info              S=  39   41.3s stop@17 accepted=True -> '{"user_id":77890,"special":":black"}'
[01] github_star                S=  41   41.1s stop@5 accepted=True -> '{"repos":":"}<turn|>'
[02] uber.ride                  S=  56   41.7s stop@13 accepted=True -> '{"loc":"","type":"comfort","time":22}'
[03] uber.ride                  S=  56    8.7s stop@13 accepted=True -> '{"loc":"","type":"plus","time":2}<turn|>'
[04] get_current_weather        S=  52   42.4s stop@5 accepted=True -> '{"location":","}'
[05] get_current_weather        S=  52    8.7s stop@4 accepted=True -> '{"location":""}<turn|>'
[06] get_current_weather        S=  52    8.7s stop@6 accepted=True -> '{"location":"{"}'
[07] get_current_weather        S=  52    8.7s stop@4 accepted=True -> '{"location":""}'
[08] get_current_weather        S=  52    8.7s stop@4 accepted=True -> '{"location":""}'
[09] get_current_weather        S=  52    8.7s stop@5 accepted=True -> '{"location":""}'

===== SUMMARY =====
n: 10
compiled: 10
accepted: 10
prefix_viable: 10
stop_positions: [17, 5, 13, 13, 5, 4, 6, 4, 4, 5]
emission: sample
variant: j1
