=== eval_bfcl_live_simple_j1_sample ===
    n: 130
    cs_rate: 1.0
    schema_valid_rate: 0.9846
    nonempty_rate: 0.8769
    arg_accuracy: 0.3798
    exact_call_rate: 0.2846
    zero_partition: 0
=== eval_bfcl_live_simple_j0_sample ===
    n: 130
    cs_rate: 0.9923
    schema_valid_rate: 0.9769
    nonempty_rate: 0.8692
    arg_accuracy: 0.3404
    exact_call_rate: 0.2462
    zero_partition: 1
=== exp_e0_base30_j1 ===
    n: 30
    cs_rate: 1.0
    schema_valid_rate: 1.0
    nonempty_rate: 1.0
    arg_accuracy: 0.4118
    exact_call_rate: 0.3333
    zero_partition: 0
=== exp_e2_prompt_j1 ===
    n: 30
    cs_rate: 1.0
    schema_valid_rate: 1.0
    nonempty_rate: 1.0
    arg_accuracy: 0.1961
    exact_call_rate: 0.0667
    zero_partition: 0
=== exp_e2_prompt_unc ===
    n: 30
    cs_rate: 0.0
    schema_valid_rate: 0.6
    nonempty_rate: 0.9333
    arg_accuracy: 0.6739
    exact_call_rate: 0.4667
    zero_partition: 0
=== exp_e4_grammar_j1 ===
    n: 30
    cs_rate: 1.0
    schema_valid_rate: 0.7667
    nonempty_rate: 1.0
    arg_accuracy: 0.6863
    exact_call_rate: 0.5333
    zero_partition: 0
=== exp_e5_both_j1 ===
    n: 30
    cs_rate: 1.0
    schema_valid_rate: 0.7667
    nonempty_rate: 1.0
    arg_accuracy: 0.2157
    exact_call_rate: 0.0333
    zero_partition: 0
=== exp_e6_seed1_j1 ===
    n: 30
    cs_rate: 1.0
    schema_valid_rate: 1.0
    nonempty_rate: 1.0
    arg_accuracy: 0.4118
    exact_call_rate: 0.3667
    zero_partition: 0
=== exp_e6_seed2_j1 ===
    n: 30
    cs_rate: 1.0
    schema_valid_rate: 1.0
    nonempty_rate: 1.0
    arg_accuracy: 0.3137
    exact_call_rate: 0.2667
    zero_partition: 0
QUEUE2 DONE
