[note] HEAD is 4f9a6e3619e8c91ed269d9e854a496d5c642dfca, not 1aa8ccf634934dbbe4b5ad9820b24e77f2baaa19, but diffgemma_fa/
       is identical between them -- commits since are docs/tests only.
       Recorded in every artifact as git_commit; the code identity is
       recorded as code_base_commit.
=== rerun_1aa8ccf at 4f9a6e3  2026-08-12 19:42 UTC
=== tree fingerprint 625332b288455728c270eecf4f11e8d7  (content cf9c0d63b3bbebb88a87b6ffee803581)
=== DGFA_DEDICATED=1  CUDA_VISIBLE_DEVICES=0
index, name, memory.used [MiB], memory.total [MiB], utilization.gpu [%]
0, NVIDIA H100 80GB HBM3, 0 MiB, 81559 MiB, 0 %

[ok] artifacts/fa/bfcl/ absent or empty -- no stale automaton can be reused
[gate] live_simple_117-73-0: expand=True bad=[]  expand=False bad=['compact', 'spaced', 'indent2', 'indent4', 'tabs']
[gate] live_simple_122-78-0: expand=True bad=[]  expand=False bad=['compact', 'spaced', 'indent2', 'indent4', 'tabs']
[ok] preflight A5: both wildcard records compile clean at 1aa8ccf and still fail without --expand-wildcard (control non-vacuous)

=== 19:42 smoke_1aa8ccf_mask
    diffgemma_fa.eval.run --task bfcl_live_simple --variant mask --emission sample --confidence mf --entropy-bound 0.1 --whitespace stock --dtype float64 --expand-wildcard --prompt-style stock --temp stock --seed 0 --offset 0 --n 4 --max-new-tokens 256 --nonempty
    cfg: variant=mask emission=sample conf=mf bound=0.1 ws=stock fence=False ci=False expand_wildcard=True dtype=float64 seed=0 offset=0 temp=stock prompt=stock nonempty=True think=None commit=4f9a6e3 code_base=1aa8ccf
    n=4 avail=4 skips={} cs=0.0 solved=None zp=0 oom=0 schema=0.0 arg=0.8 (8/10) exact=0.5  3.2 min
[ok] smoke_1aa8ccf_mask zero_partition=0
[ok] smoke_1aa8ccf_mask avail=4 n=4 skips={} expand_wildcard=True
=== 19:46 smoke_1aa8ccf_mar
    diffgemma_fa.eval.run --task bfcl_live_simple --variant j0 --emission map --confidence mar --entropy-bound 0.1 --whitespace pretty --fence --ci-enums --dtype float64 --expand-wildcard --prompt-style stock --temp stock --seed 0 --offset 0 --n 4 --max-new-tokens 256 --nonempty
    cfg: variant=j0 emission=map conf=mar bound=0.1 ws=pretty fence=True ci=True expand_wildcard=True dtype=float64 seed=0 offset=0 temp=stock prompt=stock nonempty=True think=None commit=4f9a6e3 code_base=1aa8ccf
    n=4 avail=4 skips={} cs=1.0 solved=None zp=0 oom=0 schema=1.0 arg=0.8 (8/10) exact=0.75  3.4 min
[ok] smoke_1aa8ccf_mar zero_partition=0
[ok] smoke_1aa8ccf_mar avail=4 n=4 skips={} expand_wildcard=True
[archived] wrote artifacts/stale_pre_1aa8ccf/README.txt
[archived] eval_bfcl_live_simple_mask_sample.json -> artifacts/stale_pre_1aa8ccf
[archived] eval_bfcl_live_simple_mask_sample.log -> artifacts/stale_pre_1aa8ccf
[archived] task_sudoku_mask.json -> artifacts/stale_pre_1aa8ccf
[archived] task_sudoku_mask.log -> artifacts/stale_pre_1aa8ccf
[archived] task_countdown_mask.json -> artifacts/stale_pre_1aa8ccf
[archived] task_countdown_mask.log -> artifacts/stale_pre_1aa8ccf
[archived] exp_marmap_b0.01.json -> artifacts/stale_pre_1aa8ccf
[archived] exp_marmap_b0.01.log -> artifacts/stale_pre_1aa8ccf
[archived] exp_marmap_b0.1.json -> artifacts/stale_pre_1aa8ccf
[archived] exp_marmap_b0.1.log -> artifacts/stale_pre_1aa8ccf
[archived] exp_marmap_b0.5.json -> artifacts/stale_pre_1aa8ccf
[archived] exp_marmap_b0.5.log -> artifacts/stale_pre_1aa8ccf
[archived] exp_h2_marmap.json -> artifacts/stale_pre_1aa8ccf
[archived] exp_h2_marmap.log -> artifacts/stale_pre_1aa8ccf
[archived] task_sudoku_j1_sample.json -> artifacts/stale_pre_1aa8ccf
[archived] task_sudoku_j1_sample.log -> artifacts/stale_pre_1aa8ccf
[archived] exp_h2_stock_j1.json -> artifacts/stale_pre_1aa8ccf
[archived] exp_h2_stock_j1.log -> artifacts/stale_pre_1aa8ccf
[archived] exp_h2_grammar_j1.json -> artifacts/stale_pre_1aa8ccf
[archived] exp_h2_grammar_j1.log -> artifacts/stale_pre_1aa8ccf
[archived] exp_oomfix_j0.json -> artifacts/stale_pre_1aa8ccf
[archived] exp_oomfix_j0.log -> artifacts/stale_pre_1aa8ccf
[archived] exp_f64_ws_only_j1.json -> artifacts/stale_pre_1aa8ccf
[archived] exp_f64_ws_only_j1.log -> artifacts/stale_pre_1aa8ccf
[archived] exp_marmap_b0.003.log -> unattributable_dirty_tree
[archived] exp_marmap_b1.0.log -> unattributable_dirty_tree

=== 19:50 task_sudoku_mask
    diffgemma_fa.eval.run_tasks --task sudoku --variant mask --emission sample --confidence mf --entropy-bound 0.1 --n 250 --seed 0 --max-new-tokens 256
    cfg: variant=mask emission=sample conf=mf bound=0.1 ws=None fence=None ci=None expand_wildcard=None dtype=None seed=0 offset=None temp=None prompt=None nonempty=None think=False commit=4f9a6e3 code_base=1aa8ccf
    n=250 avail=250 skips={} cs=0.004 solved=0.024 zp=0 oom=0 schema=None arg=None (None/None) exact=None  45.2 min
!! task_sudoku_mask cs=1 of 250, predicted >= 2 (published 1).
!! The 249 pre-fix failures had ONE mechanical cause -- positions
!! 0..15 empty, categorical returning token 0 -- and the fix removes
!! it. Reproducing 1/250 means the mask closure is still degenerate
!! and the remaining ~17 GPU-hours would measure something else.
