=== exp_h2_unconstrained ===
    n: 128
    cs_rate: 0.0
    schema_valid_rate: 0.4453
    nonempty_rate: 0.9531
    arg_accuracy: 0.6621
    exact_call_rate: 0.5469
    zero_partition: 0
    oom: 0
=== exp_h2_grammar_j1 ===
    n: 128
    cs_rate: 0.9922
    schema_valid_rate: 0.9922
    nonempty_rate: 0.8672
    arg_accuracy: 0.5354
    exact_call_rate: 0.4766
    zero_partition: 1
    oom: 0
=== exp_h2_stock_j1 ===
    n: 128
    cs_rate: 0.9609
    schema_valid_rate: 0.9609
    nonempty_rate: 0.7891
    arg_accuracy: 0.2511
    exact_call_rate: 0.1797
    zero_partition: 5
    oom: 0
SECONDHALF DONE
