=== exp_seed1_map ===
    n: 130
    cs_rate: 0.9923
    schema_valid_rate: 0.9923
    nonempty_rate: 0.8923
    arg_accuracy: 0.6528
    exact_call_rate: 0.5
    zero_partition: 0
    oom: 1
=== exp_seed2_map ===
    n: 130
    cs_rate: 0.9923
    schema_valid_rate: 0.9923
    nonempty_rate: 0.9077
    arg_accuracy: 0.6632
    exact_call_rate: 0.5308
    zero_partition: 0
    oom: 1
=== exp_seed3_map ===
    n: 130
    cs_rate: 0.9923
    schema_valid_rate: 0.9923
    nonempty_rate: 0.8923
    arg_accuracy: 0.6493
    exact_call_rate: 0.5077
    zero_partition: 0
    oom: 1
SEEDS DONE
