[eval] task=countdown variant=unconstrained emission=sample n=250
2026-08-03 12:16:08.295513: W external/local_xla/xla/tsl/platform/cloud/google_auth_provider.cc:185] All attempts to get a Google authentication bearer token failed, returning an empty token. Retrieving token from files failed with "NOT_FOUND: Could not locate the credentials file.". Retrieving token from GCE failed with "FAILED_PRECONDITION: Error executing an HTTP request: libcurl code 6 meaning 'Could not resolve hostname', error details: Could not resolve host: metadata.google.internal".
/home/ubuntu/diffgemma_fa/.venv/lib/python3.12/site-packages/jax/_src/ops/scatter.py:105: FutureWarning: scatter inputs have incompatible types: cannot safely cast value from dtype=int64 to dtype=int32 with jax_numpy_dtype_promotion=standard. In future JAX releases this will result in an error.
  warnings.warn(
  [10/250] CS=0.000 solved=0.000
  [20/250] CS=0.000 solved=0.050
  [30/250] CS=0.000 solved=0.033
  [40/250] CS=0.000 solved=0.025
  [50/250] CS=0.000 solved=0.040
  [60/250] CS=0.000 solved=0.050
  [70/250] CS=0.000 solved=0.057
  [80/250] CS=0.000 solved=0.062
  [90/250] CS=0.000 solved=0.056
  [100/250] CS=0.010 solved=0.050
  [110/250] CS=0.009 solved=0.055
  [120/250] CS=0.008 solved=0.050
  [130/250] CS=0.008 solved=0.054
  [140/250] CS=0.007 solved=0.064
  [150/250] CS=0.007 solved=0.060
  [160/250] CS=0.006 solved=0.062
  [170/250] CS=0.006 solved=0.065
  [180/250] CS=0.006 solved=0.067
  [190/250] CS=0.005 solved=0.063
  [200/250] CS=0.005 solved=0.060
  [210/250] CS=0.005 solved=0.057
  [220/250] CS=0.005 solved=0.055
  [230/250] CS=0.004 solved=0.052
  [240/250] CS=0.004 solved=0.050
  [250/250] CS=0.004 solved=0.048

===== RESULT =====
task: countdown
variant: unconstrained
emission: sample
n: 250
cs_rate: 0.004
solve_rate: 0.048
zero_partition: 0
oom: 0
failure_reasons: {'unparsable step': 135, 'empty': 100, 'ok': 12, 'operand 6 not available': 1, 'operand 34 not available': 1, 'operand 3 not available': 1}
elapsed_seconds: 2710.3

wrote artifacts/task_countdown_unconstrained.json
