[eval] task=sudoku variant=j2 emission=sample n=250
2026-08-03 21:38:08.073378: W external/local_xla/xla/tsl/platform/cloud/google_auth_provider.cc:185] All attempts to get a Google authentication bearer token failed, returning an empty token. Retrieving token from files failed with "NOT_FOUND: Could not locate the credentials file.". Retrieving token from GCE failed with "FAILED_PRECONDITION: Error executing an HTTP request: libcurl code 6 meaning 'Could not resolve hostname', error details: Could not resolve host: metadata.google.internal".
/home/ubuntu/diffgemma_fa/.venv/lib/python3.12/site-packages/jax/_src/ops/scatter.py:105: FutureWarning: scatter inputs have incompatible types: cannot safely cast value from dtype=int64 to dtype=int32 with jax_numpy_dtype_promotion=standard. In future JAX releases this will result in an error.
  warnings.warn(
  [10/250] CS=1.000 solved=0.000
  [20/250] CS=1.000 solved=0.000
  [30/250] CS=1.000 solved=0.000
  [40/250] CS=1.000 solved=0.000
  [50/250] CS=1.000 solved=0.000
  [60/250] CS=1.000 solved=0.000
  [70/250] CS=1.000 solved=0.000
  [80/250] CS=1.000 solved=0.000
  [90/250] CS=1.000 solved=0.000
  [100/250] CS=1.000 solved=0.000
  [110/250] CS=1.000 solved=0.000
  [120/250] CS=1.000 solved=0.000
  [130/250] CS=1.000 solved=0.000
  [140/250] CS=1.000 solved=0.000
  [150/250] CS=1.000 solved=0.000
  [160/250] CS=1.000 solved=0.000
  [170/250] CS=1.000 solved=0.000
  [180/250] CS=1.000 solved=0.000
  [190/250] CS=1.000 solved=0.000
  [200/250] CS=1.000 solved=0.000
  [210/250] CS=1.000 solved=0.000
  [220/250] CS=1.000 solved=0.000
  [230/250] CS=1.000 solved=0.000
  [240/250] CS=1.000 solved=0.000
  [250/250] CS=1.000 solved=0.000

===== RESULT =====
task: sudoku
variant: j2
emission: sample
n: 250
cs_rate: 1.0
solve_rate: 0.0
zero_partition: 0
oom: 0
failure_reasons: {'row 1': 15, 'col 0': 58, 'row 0': 175, 'col 1': 1, 'row 2': 1}
elapsed_seconds: 2696.2

wrote artifacts/task_sudoku_j2.json
