[eval] task=sudoku variant=unconstrained emission=sample n=250
2026-08-03 13:48:58.252216: W external/local_xla/xla/tsl/platform/cloud/google_auth_provider.cc:185] All attempts to get a Google authentication bearer token failed, returning an empty token. Retrieving token from files failed with "NOT_FOUND: Could not locate the credentials file.". Retrieving token from GCE failed with "FAILED_PRECONDITION: Error executing an HTTP request: libcurl code 6 meaning 'Could not resolve hostname', error details: Could not resolve host: metadata.google.internal".
/home/ubuntu/diffgemma_fa/.venv/lib/python3.12/site-packages/jax/_src/ops/scatter.py:105: FutureWarning: scatter inputs have incompatible types: cannot safely cast value from dtype=int64 to dtype=int32 with jax_numpy_dtype_promotion=standard. In future JAX releases this will result in an error.
  warnings.warn(
  [10/250] CS=0.000 solved=0.600
  [20/250] CS=0.000 solved=0.650
  [30/250] CS=0.000 solved=0.700
  [40/250] CS=0.000 solved=0.675
  [50/250] CS=0.000 solved=0.740
  [60/250] CS=0.000 solved=0.767
  [70/250] CS=0.000 solved=0.800
  [80/250] CS=0.000 solved=0.800
  [90/250] CS=0.000 solved=0.811
  [100/250] CS=0.000 solved=0.830
  [110/250] CS=0.000 solved=0.845
  [120/250] CS=0.000 solved=0.858
  [130/250] CS=0.000 solved=0.869
  [140/250] CS=0.000 solved=0.871
  [150/250] CS=0.000 solved=0.860
  [160/250] CS=0.000 solved=0.856
  [170/250] CS=0.000 solved=0.847
  [180/250] CS=0.000 solved=0.850
  [190/250] CS=0.000 solved=0.858
  [200/250] CS=0.000 solved=0.850
  [210/250] CS=0.000 solved=0.852
  [220/250] CS=0.000 solved=0.859
  [230/250] CS=0.000 solved=0.865
  [240/250] CS=0.000 solved=0.863
  [250/250] CS=0.000 solved=0.864

===== RESULT =====
task: sudoku
variant: unconstrained
emission: sample
n: 250
cs_rate: 0.0
solve_rate: 0.864
zero_partition: 0
oom: 0
failure_reasons: {'col 1': 9, 'ok': 216, 'col 2': 12, 'only 0 digits': 2, 'col 0': 5, 'row 1': 1, 'overwrote the given at (0,2)': 2, 'overwrote the given at (2,3)': 1, 'overwrote the given at (2,2)': 1, 'overwrote the given at (3,1)': 1}
elapsed_seconds: 2670.4

wrote artifacts/task_sudoku_unconstrained.json
