2026-07-29 07:23:40.564122: W external/local_xla/xla/tsl/platform/cloud/google_auth_provider.cc:185] All attempts to get a Google authentication bearer token failed, returning an empty token. Retrieving token from files failed with "NOT_FOUND: Could not locate the credentials file.". Retrieving token from GCE failed with "FAILED_PRECONDITION: Error executing an HTTP request: libcurl code 6 meaning 'Could not resolve hostname', error details: Could not resolve host: metadata.google.internal".
0 live_simple_0-0-0 12
1 live_simple_1-1-0 9
2 live_simple_2-2-0 17
3 live_simple_3-2-1 17
4 live_simple_4-3-0 9
5 live_simple_5-3-1 9
6 live_simple_6-3-2 9
7 live_simple_7-3-3 9
8 live_simple_8-3-4 9
9 live_simple_9-3-5 9
10 live_simple_10-3-6 9
11 live_simple_11-3-7 9
12 live_simple_12-3-8 9
13 live_simple_13-3-9 9
14 live_simple_14-3-10 9
15 live_simple_15-3-11 9
16 live_simple_16-3-12 9
17 live_simple_17-3-13 9
18 live_simple_18-3-14 9
19 live_simple_19-3-15 9
20 live_simple_20-4-0 16
21 live_simple_21-4-1 16
22 live_simple_22-5-0 13
23 live_simple_23-5-1 13
24 live_simple_24-5-2 13
25 live_simple_25-5-3 13
26 live_simple_26-6-0 17
27 live_simple_27-7-0 16
28 live_simple_28-7-1 16
29 live_simple_29-7-2 16
30 live_simple_30-8-0 14
31 live_simple_31-8-1 14
32 live_simple_32-9-0 9
33 live_simple_33-10-0 9
34 live_simple_34-11-0 9
35 live_simple_35-12-0 9
36 live_simple_36-13-0 9
37 live_simple_37-14-0 9
38 live_simple_38-15-0 9
39 live_simple_39-16-0 14
40 live_simple_40-17-0 10
41 live_simple_41-17-1 10
42 live_simple_42-17-2 10
43 live_simple_43-17-3 10
44 live_simple_44-18-0 10
45 live_simple_45-18-1 10
46 live_simple_46-19-0 50
47 live_simple_47-20-0 14
48 live_simple_48-21-0 23
49 live_simple_49-21-1 23
50 live_simple_50-22-0 9
51 live_simple_51-23-0 10
52 live_simple_52-23-1 10
53 live_simple_53-24-0 9
54 live_simple_54-25-0 13
55 live_simple_55-25-1 13
56 live_simple_56-26-0 13
57 live_simple_57-26-1 13
58 live_simple_58-27-0 9
59 live_simple_59-28-0 9
60 live_simple_60-29-0 13
61 live_simple_61-29-1 13
62 live_simple_62-29-2 13
63 live_simple_63-29-3 13
64 live_simple_64-29-4 13
65 live_simple_65-29-5 13
66 live_simple_66-30-0 15
67 live_simple_67-31-0 33
68 live_simple_68-32-0 14
69 live_simple_69-33-0 16
70 live_simple_70-34-0 11
71 live_simple_71-35-0 12
72 live_simple_72-36-0 20
73 live_simple_73-36-1 20
74 live_simple_74-36-2 20
75 live_simple_75-36-3 20
76 live_simple_76-37-0 21
77 live_simple_77-38-0 12
78 live_simple_78-39-0 14
79 live_simple_79-40-0 9
80 live_simple_80-41-0 24
81 live_simple_81-42-0 14
82 live_simple_82-43-0 14
83 live_simple_83-44-0 29
84 live_simple_84-45-0 11
85 live_simple_85-46-0 9
86 live_simple_86-47-0 9
87 live_simple_87-48-0 6
88 live_simple_88-49-0 22
89 live_simple_89-50-0 16
90 live_simple_90-51-0 9
91 live_simple_91-52-0 10
92 live_simple_92-53-0 11
93 live_simple_93-54-0 11
94 live_simple_94-55-0 16
95 live_simple_95-56-0 16
96 live_simple_96-57-0 9
97 live_simple_97-57-1 9
98 live_simple_98-58-0 17
99 live_simple_99-59-0 11
100 live_simple_100-59-1 11
101 live_simple_101-60-0 11
102 live_simple_102-61-0 15
103 live_simple_103-61-1 15
104 live_simple_104-61-2 15
105 live_simple_105-62-0 20
106 live_simple_106-63-0 73
107 live_simple_107-64-0 33
108 live_simple_108-65-0 38
109 live_simple_109-66-0 6
110 live_simple_110-67-0 6
111 live_simple_111-67-1 6
112 live_simple_112-68-0 47
113 live_simple_113-69-0 21
114 live_simple_114-70-0 18
115 live_simple_115-71-0 16
116 live_simple_116-72-0 11
117 live_simple_117-73-0 6
118 live_simple_118-74-0 10
119 live_simple_119-75-0 9
120 live_simple_120-76-0 19
121 live_simple_121-77-0 16
122 live_simple_122-78-0 6
123 live_simple_123-79-0 14
124 live_simple_124-80-0 9
125 live_simple_125-81-0 9
126 live_simple_126-82-0 31
127 live_simple_127-82-1 31
128 live_simple_128-83-0 10
129 live_simple_129-83-1 10
