[eval] task=bfcl_live_simple variant=j1 emission=sample bound=0.1
2026-08-02 10:12:32.801878: W external/local_xla/xla/tsl/platform/cloud/google_auth_provider.cc:185] All attempts to get a Google authentication bearer token failed, returning an empty token. Retrieving token from files failed with "NOT_FOUND: Could not locate the credentials file.". Retrieving token from GCE failed with "FAILED_PRECONDITION: Error executing an HTTP request: libcurl code 6 meaning 'Could not resolve hostname', error details: Could not resolve host: metadata.google.internal".
/home/ubuntu/diffgemma_fa/.venv/lib/python3.12/site-packages/jax/_src/ops/scatter.py:105: FutureWarning: scatter inputs have incompatible types: cannot safely cast value from dtype=int64 to dtype=int32 with jax_numpy_dtype_promotion=standard. In future JAX releases this will result in an error.
  warnings.warn(
  [10/130] CS=1.000 schema=1.000 acc=0.688 nonempty=1.000
  [20/130] CS=1.000 schema=1.000 acc=0.677 nonempty=1.000
  [30/130] CS=1.000 schema=1.000 acc=0.745 nonempty=1.000
  [40/130] CS=1.000 schema=1.000 acc=0.697 nonempty=1.000
  [50/130] CS=1.000 schema=1.000 acc=0.667 nonempty=0.880
  [60/130] CS=1.000 schema=1.000 acc=0.682 nonempty=0.867
  [70/130] CS=0.971 schema=0.971 acc=0.701 nonempty=0.857
  [80/130] CS=0.975 schema=0.975 acc=0.664 nonempty=0.875
  [90/130] CS=0.978 schema=0.978 acc=0.672 nonempty=0.878
  [100/130] CS=0.980 schema=0.980 acc=0.689 nonempty=0.890
  [110/130] CS=0.982 schema=0.982 acc=0.667 nonempty=0.891
  [120/130] CS=0.983 schema=0.983 acc=0.628 nonempty=0.875
W0802 11:52:13.027788 1249368 bfc_allocator.cc:363] Allocator (GPU_0_bfc) ran out of memory trying to allocate 8.02GiB from the lower end with freed_by_count=0. The caller indicates that this is not a failure, but this may mean that there could be performance gains if more memory were available.
E0802 11:52:13.028114 1249222 config_assigner.cc:478] Could not get config for HLO: %input_reduce_fusion.51 = f64[2048,128,2048]{2,1,0} fusion(%loop_select_fusion.32, %input_transpose_fusion.6, %loop_select_fusion.30), kind=kInput, calls=
(param_0.27940: f64[2048,1,128,2048], param_1.30988: f64[128,2048,2048], param_2.22095: f64[2048,1,256,2048]) -> f64[2048,128,2048] {
  %param_1.30988 = f64[128,2048,2048]{2,1,0} parameter(1)
  %broadcast.14304.3 = f64[2048,1,128,2048,2048]{4,3,2,1,0} broadcast(%param_1.30988), dimensions={2,3,4}, metadata={op_name="jit(_sample_loop)/while/body/jit(_sample_step)/while/body/vmap(jit(joint_draw))/add" stack_frame_id=1726}
  %param_2.22095 = f64[2048,1,256,2048]{3,2,1,0} parameter(2)
  %slice.4725.2 = f64[2048,1,128,2048]{3,2,1,0} slice(%param_2.22095), slice={[0:2048:1], [0:1:1], [1:256:2], [0:2048:1]}, metadata={op_name="jit(_sample_loop)/while/body/jit(_sample_step)/while/body/vmap(jit(joint_draw))/slice" stack_frame_id=1727}
  %bitcast.9791.5 = f64[2048,128,2048]{2,1,0} bitcast(%slice.4725.2)
  %broadcast.14305.5 = f64[2048,1,128,2048,2048]{4,3,2,1,0} broadcast(%bitcast.9791.5), dimensions={0,2,4}, metadata={op_name="jit(_sample_loop)/while/body/jit(_sample_step)/while/body/vmap(jit(joint_draw))/add" stack_frame_id=1726}
  %add.23883.3 = f64[2048,1,128,2048,2048]{4,3,2,1,0} add(%broadcast.14304.3, %broadcast.14305.5), metadata={op_name="jit(_sample_loop)/while/body/jit(_sample_step)/while/body/vmap(jit(joint_draw))/add" stack_frame_id=1726}
  %param_0.27940 = f64[2048,1,128,2048]{3,2,1,0} parameter(0)
  %bitcast.9811.5 = f64[2048,128,2048]{2,1,0} bitcast(%param_0.27940)
  %broadcast.14309.5 = f64[2048,1,128,2048,2048]{4,3,2,1,0} broadcast(%bitcast.9811.5), dimensions={0,2,3}, metadata={op_name="jit(_sample_loop)/while/body/jit(_sample_step)/while/body/vmap(jit(joint_draw))/sub" stack_frame_id=1734}
  %subtract.55.3 = f64[2048,1,128,2048,2048]{4,3,2,1,0} subtract(%add.23883.3, %broadcast.14309.5), metadata={op_name="jit(_sample_loop)/while/body/jit(_sample_step)/while/body/vmap(jit(joint_draw))/sub" stack_frame_id=1734}
  %exponential.11 = f64[2048,1,128,2048,2048]{4,3,2,1,0} exponential(%subtract.55.3), metadata={op_name="jit(_sample_loop)/while/body/jit(_sample_step)/while/body/vmap(jit(joint_draw))/exp" stack_frame_id=1737}
  %bitcast.25525.1 = f64[2048,128,2048,2048]{3,2,1,0} bitcast(%exponential.11)
  %constant.8738.4 = f64[] constant(0), metadata={op_name="jit(_sample_loop)/while/body/jit(_sample_step)" stack_frame_id=836}
  ROOT %reduce.2209.1 = f64[2048,128,2048]{2,1,0} reduce(%bitcast.25525.1, %constant.8738.4), dimensions={3}, to_apply=
  (reduce_sum.3616: f64[], reduce_sum.3617: f64[]) -> f64[] {
    %reduce_sum.3616 = f64[] parameter(0), metadata={op_name="reduce_sum"}
    %reduce_sum.3617 = f64[] parameter(1), metadata={op_name="reduce_sum"}
    ROOT %reduce_sum.3618.0 = f64[] add(%reduce_sum.3616, %reduce_sum.3617), metadata={op_name="while/body/reduce_sum" stack_frame_id=73}
  }
}. Status: RESOURCE_EXHAUSTED: Out of memory while trying to allocate 8.02GiB. [tf-allocator-allocation-error='']
=== Source Location Trace: === 
external/xla/xla/stream_executor/integrations/tf_allocator_adapter.cc:269
external/xla/xla/stream_executor/integrations/tf_allocator_adapter.cc:192
external/xla/xla/stream_executor/gpu/redzone_allocator.cc:93
external/xla/xla/stream_executor/gpu/redzone_allocator.cc:262
external/xla/xla/service/gpu/autotuning/redzone_buffers.cc:107
external/xla/xla/service/gpu/autotuning/redzone_buffers.cc:89
external/xla/xla/backends/gpu/autotuner/gpu_profiler.cc:269
external/xla/xla/backends/autotuner/config_runner.cc:69
external/xla/xla/backends/autotuner/config_assigner.cc:417

  [130/130] CS=0.977 schema=0.977 acc=0.644 nonempty=0.877

===== RESULT =====
task: bfcl_live_simple
variant: j1
emission: sample
n: 130
cs: 127
cs_rate: 0.9769
schema_ok: 127
schema_valid_rate: 0.9769
parsed: 127
nonempty: 114
nonempty_rate: 0.8769
arg_correct: 183
arg_total: 284
arg_accuracy: 0.6444
exact_calls: 65
exact_call_rate: 0.5
skipped_by_reason: {}
zero_partition: 2
oom: 1
elapsed_seconds: 6282.8

wrote artifacts/exp_f64_ws_only_j1.json
