[eval] task=bfcl_live_simple variant=j0 emission=map bound=1.0
[gate] get_user_info: grammar rejects ['tabs'] rendering(s) (verify_strict=False; the declared-narrow whitespace policy is the whole cause -- the same schema under JSON_WS accepts all five)
2026-08-12 01:19:32.289305: W external/local_xla/xla/tsl/platform/cloud/google_auth_provider.cc:185] All attempts to get a Google authentication bearer token failed, returning an empty token. Retrieving token from files failed with "NOT_FOUND: Could not locate the credentials file.". Retrieving token from GCE failed with "FAILED_PRECONDITION: Error executing an HTTP request: libcurl code 6 meaning 'Could not resolve hostname', error details: Could not resolve host: metadata.google.internal".
/home/ubuntu/diffgemma_fa/.venv/lib/python3.12/site-packages/jax/_src/ops/scatter.py:105: FutureWarning: scatter inputs have incompatible types: cannot safely cast value from dtype=int64 to dtype=int32 with jax_numpy_dtype_promotion=standard. In future JAX releases this will result in an error.
  warnings.warn(
[gate] github_star: grammar rejects ['tabs'] rendering(s) (verify_strict=False; the declared-narrow whitespace policy is the whole cause -- the same schema under JSON_WS accepts all five)
[gate] uber.ride: grammar rejects ['tabs'] rendering(s) (verify_strict=False; the declared-narrow whitespace policy is the whole cause -- the same schema under JSON_WS accepts all five)
E0812 01:24:42.390456 3204814 slow_operation_alarm.cc:73] 
********************************
[Compiling module input_reduce_fusion.38 for GPU] Very slow compile? If you want to file a bug, run with envvar XLA_FLAGS=--xla_dump_to=/tmp/foo and attach the results.
********************************
E0812 01:25:32.953625 3204462 slow_operation_alarm.cc:140] The operation took 2m50.563234585s

********************************
[Compiling module input_reduce_fusion.38 for GPU] Very slow compile? If you want to file a bug, run with envvar XLA_FLAGS=--xla_dump_to=/tmp/foo and attach the results.
********************************
[gate] uber.ride: grammar rejects ['tabs'] rendering(s) (verify_strict=False; the declared-narrow whitespace policy is the whole cause -- the same schema under JSON_WS accepts all five)
[gate] get_current_weather: grammar rejects ['tabs'] rendering(s) (verify_strict=False; the declared-narrow whitespace policy is the whole cause -- the same schema under JSON_WS accepts all five)
[gate] get_current_weather: grammar rejects ['tabs'] rendering(s) (verify_strict=False; the declared-narrow whitespace policy is the whole cause -- the same schema under JSON_WS accepts all five)
[gate] get_current_weather: grammar rejects ['tabs'] rendering(s) (verify_strict=False; the declared-narrow whitespace policy is the whole cause -- the same schema under JSON_WS accepts all five)
[gate] get_current_weather: grammar rejects ['tabs'] rendering(s) (verify_strict=False; the declared-narrow whitespace policy is the whole cause -- the same schema under JSON_WS accepts all five)
[gate] get_current_weather: grammar rejects ['tabs'] rendering(s) (verify_strict=False; the declared-narrow whitespace policy is the whole cause -- the same schema under JSON_WS accepts all five)
[gate] get_current_weather: grammar rejects ['tabs'] rendering(s) (verify_strict=False; the declared-narrow whitespace policy is the whole cause -- the same schema under JSON_WS accepts all five)
  [10/130] CS=1.000 schema=1.000 acc=0.625 nonempty=1.000
[gate] get_current_weather: grammar rejects ['tabs'] rendering(s) (verify_strict=False; the declared-narrow whitespace policy is the whole cause -- the same schema under JSON_WS accepts all five)
[gate] get_current_weather: grammar rejects ['tabs'] rendering(s) (verify_strict=False; the declared-narrow whitespace policy is the whole cause -- the same schema under JSON_WS accepts all five)
[gate] get_current_weather: grammar rejects ['tabs'] rendering(s) (verify_strict=False; the declared-narrow whitespace policy is the whole cause -- the same schema under JSON_WS accepts all five)
[gate] get_current_weather: grammar rejects ['tabs'] rendering(s) (verify_strict=False; the declared-narrow whitespace policy is the whole cause -- the same schema under JSON_WS accepts all five)
[gate] get_current_weather: grammar rejects ['tabs'] rendering(s) (verify_strict=False; the declared-narrow whitespace policy is the whole cause -- the same schema under JSON_WS accepts all five)
[gate] get_current_weather: grammar rejects ['tabs'] rendering(s) (verify_strict=False; the declared-narrow whitespace policy is the whole cause -- the same schema under JSON_WS accepts all five)
[gate] get_current_weather: grammar rejects ['tabs'] rendering(s) (verify_strict=False; the declared-narrow whitespace policy is the whole cause -- the same schema under JSON_WS accepts all five)
[gate] get_current_weather: grammar rejects ['tabs'] rendering(s) (verify_strict=False; the declared-narrow whitespace policy is the whole cause -- the same schema under JSON_WS accepts all five)
[gate] get_current_weather: grammar rejects ['tabs'] rendering(s) (verify_strict=False; the declared-narrow whitespace policy is the whole cause -- the same schema under JSON_WS accepts all five)
[gate] get_current_weather: grammar rejects ['tabs'] rendering(s) (verify_strict=False; the declared-narrow whitespace policy is the whole cause -- the same schema under JSON_WS accepts all five)
  [20/130] CS=1.000 schema=1.000 acc=0.645 nonempty=1.000
[gate] change_food: grammar rejects ['tabs'] rendering(s) (verify_strict=False; the declared-narrow whitespace policy is the whole cause -- the same schema under JSON_WS accepts all five)
[gate] change_food: grammar rejects ['tabs'] rendering(s) (verify_strict=False; the declared-narrow whitespace policy is the whole cause -- the same schema under JSON_WS accepts all five)
[gate] ChaFod: grammar rejects ['tabs'] rendering(s) (verify_strict=False; the declared-narrow whitespace policy is the whole cause -- the same schema under JSON_WS accepts all five)
[gate] ChaFod: grammar rejects ['tabs'] rendering(s) (verify_strict=False; the declared-narrow whitespace policy is the whole cause -- the same schema under JSON_WS accepts all five)
[gate] ChaFod: grammar rejects ['tabs'] rendering(s) (verify_strict=False; the declared-narrow whitespace policy is the whole cause -- the same schema under JSON_WS accepts all five)
[gate] ChaFod: grammar rejects ['tabs'] rendering(s) (verify_strict=False; the declared-narrow whitespace policy is the whole cause -- the same schema under JSON_WS accepts all five)
[gate] uber.ride: grammar rejects ['tabs'] rendering(s) (verify_strict=False; the declared-narrow whitespace policy is the whole cause -- the same schema under JSON_WS accepts all five)
[gate] uber.eat.order: grammar rejects ['indent4', 'tabs'] rendering(s) (verify_strict=False; the declared-narrow whitespace policy is the whole cause -- the same schema under JSON_WS accepts all five)
[gate] uber.eat.order: grammar rejects ['indent4', 'tabs'] rendering(s) (verify_strict=False; the declared-narrow whitespace policy is the whole cause -- the same schema under JSON_WS accepts all five)
[gate] uber.eat.order: grammar rejects ['indent4', 'tabs'] rendering(s) (verify_strict=False; the declared-narrow whitespace policy is the whole cause -- the same schema under JSON_WS accepts all five)
  [30/130] CS=1.000 schema=1.000 acc=0.706 nonempty=1.000
[gate] aws.lexv2_models.list_exports: grammar rejects ['tabs'] rendering(s) (verify_strict=False; the declared-narrow whitespace policy is the whole cause -- the same schema under JSON_WS accepts all five)
E0812 01:42:22.069893 3204814 slow_operation_alarm.cc:73] 
********************************
[Compiling module input_reduce_fusion.38 for GPU] Very slow compile? If you want to file a bug, run with envvar XLA_FLAGS=--xla_dump_to=/tmp/foo and attach the results.
********************************
E0812 01:45:52.053724 3204458 slow_operation_alarm.cc:140] The operation took 5m29.983893383s

********************************
[Compiling module input_reduce_fusion.38 for GPU] Very slow compile? If you want to file a bug, run with envvar XLA_FLAGS=--xla_dump_to=/tmp/foo and attach the results.
********************************
[gate] aws.lexv2_models.list_exports: grammar rejects ['tabs'] rendering(s) (verify_strict=False; the declared-narrow whitespace policy is the whole cause -- the same schema under JSON_WS accepts all five)
[gate] answer.string: grammar rejects ['tabs'] rendering(s) (verify_strict=False; the declared-narrow whitespace policy is the whole cause -- the same schema under JSON_WS accepts all five)
[gate] answer.string: grammar rejects ['tabs'] rendering(s) (verify_strict=False; the declared-narrow whitespace policy is the whole cause -- the same schema under JSON_WS accepts all five)
[gate] answer.string: grammar rejects ['tabs'] rendering(s) (verify_strict=False; the declared-narrow whitespace policy is the whole cause -- the same schema under JSON_WS accepts all five)
[gate] answer.string: grammar rejects ['tabs'] rendering(s) (verify_strict=False; the declared-narrow whitespace policy is the whole cause -- the same schema under JSON_WS accepts all five)
[gate] parseAnswer: grammar rejects ['tabs'] rendering(s) (verify_strict=False; the declared-narrow whitespace policy is the whole cause -- the same schema under JSON_WS accepts all five)
[gate] parseAnswer: grammar rejects ['tabs'] rendering(s) (verify_strict=False; the declared-narrow whitespace policy is the whole cause -- the same schema under JSON_WS accepts all five)
[gate] get_current_weather: grammar rejects ['tabs'] rendering(s) (verify_strict=False; the declared-narrow whitespace policy is the whole cause -- the same schema under JSON_WS accepts all five)
[gate] fetch_weather_data: grammar rejects ['tabs'] rendering(s) (verify_strict=False; the declared-narrow whitespace policy is the whole cause -- the same schema under JSON_WS accepts all five)
  [40/130] CS=1.000 schema=1.000 acc=0.667 nonempty=1.000
[gate] ThinQ_Connect: grammar rejects ['indent4', 'tabs'] rendering(s) (verify_strict=False; the declared-narrow whitespace policy is the whole cause -- the same schema under JSON_WS accepts all five)
[gate] ThinQ_Connect: grammar rejects ['indent4', 'tabs'] rendering(s) (verify_strict=False; the declared-narrow whitespace policy is the whole cause -- the same schema under JSON_WS accepts all five)
[gate] ThinQ_Connect: grammar rejects ['indent4', 'tabs'] rendering(s) (verify_strict=False; the declared-narrow whitespace policy is the whole cause -- the same schema under JSON_WS accepts all five)
[gate] ThinQ_Connect: grammar rejects ['indent4', 'tabs'] rendering(s) (verify_strict=False; the declared-narrow whitespace policy is the whole cause -- the same schema under JSON_WS accepts all five)
[gate] ThinQ_Connect: grammar rejects ['indent4', 'tabs'] rendering(s) (verify_strict=False; the declared-narrow whitespace policy is the whole cause -- the same schema under JSON_WS accepts all five)
[gate] ThinQ_Connect: grammar rejects ['indent4', 'tabs'] rendering(s) (verify_strict=False; the declared-narrow whitespace policy is the whole cause -- the same schema under JSON_WS accepts all five)
[gate] ThinQ_Connect: grammar rejects ['tabs'] rendering(s) (verify_strict=False; the declared-narrow whitespace policy is the whole cause -- the same schema under JSON_WS accepts all five)
[gate] multiply: grammar rejects ['tabs'] rendering(s) (verify_strict=False; the declared-narrow whitespace policy is the whole cause -- the same schema under JSON_WS accepts all five)
[gate] find_beer: grammar rejects ['tabs'] rendering(s) (verify_strict=False; the declared-narrow whitespace policy is the whole cause -- the same schema under JSON_WS accepts all five)
[gate] find_beer: grammar rejects ['tabs'] rendering(s) (verify_strict=False; the declared-narrow whitespace policy is the whole cause -- the same schema under JSON_WS accepts all five)
  [50/130] CS=1.000 schema=1.000 acc=0.624 nonempty=0.880
[gate] get_latest_carbon_intensity: grammar rejects ['tabs'] rendering(s) (verify_strict=False; the declared-narrow whitespace policy is the whole cause -- the same schema under JSON_WS accepts all five)
[gate] ThinQ_Connect: grammar rejects ['indent4', 'tabs'] rendering(s) (verify_strict=False; the declared-narrow whitespace policy is the whole cause -- the same schema under JSON_WS accepts all five)
[gate] ThinQ_Connect: grammar rejects ['indent4', 'tabs'] rendering(s) (verify_strict=False; the declared-narrow whitespace policy is the whole cause -- the same schema under JSON_WS accepts all five)
[gate] todo_add: grammar rejects ['tabs'] rendering(s) (verify_strict=False; the declared-narrow whitespace policy is the whole cause -- the same schema under JSON_WS accepts all five)
[gate] todo: grammar rejects ['tabs'] rendering(s) (verify_strict=False; the declared-narrow whitespace policy is the whole cause -- the same schema under JSON_WS accepts all five)
[gate] todo: grammar rejects ['tabs'] rendering(s) (verify_strict=False; the declared-narrow whitespace policy is the whole cause -- the same schema under JSON_WS accepts all five)
[gate] todo_manager.handle_action: grammar rejects ['tabs'] rendering(s) (verify_strict=False; the declared-narrow whitespace policy is the whole cause -- the same schema under JSON_WS accepts all five)
[gate] todo_manager.handle_action: grammar rejects ['tabs'] rendering(s) (verify_strict=False; the declared-narrow whitespace policy is the whole cause -- the same schema under JSON_WS accepts all five)
[gate] get_movies: grammar rejects ['tabs'] rendering(s) (verify_strict=False; the declared-narrow whitespace policy is the whole cause -- the same schema under JSON_WS accepts all five)
[gate] get_movies: grammar rejects ['tabs'] rendering(s) (verify_strict=False; the declared-narrow whitespace policy is the whole cause -- the same schema under JSON_WS accepts all five)
  [60/130] CS=1.000 schema=1.000 acc=0.645 nonempty=0.867
[gate] todo: grammar rejects ['tabs'] rendering(s) (verify_strict=False; the declared-narrow whitespace policy is the whole cause -- the same schema under JSON_WS accepts all five)
[gate] todo: grammar rejects ['tabs'] rendering(s) (verify_strict=False; the declared-narrow whitespace policy is the whole cause -- the same schema under JSON_WS accepts all five)
[gate] todo: grammar rejects ['tabs'] rendering(s) (verify_strict=False; the declared-narrow whitespace policy is the whole cause -- the same schema under JSON_WS accepts all five)
[gate] todo: grammar rejects ['tabs'] rendering(s) (verify_strict=False; the declared-narrow whitespace policy is the whole cause -- the same schema under JSON_WS accepts all five)
[gate] todo: grammar rejects ['tabs'] rendering(s) (verify_strict=False; the declared-narrow whitespace policy is the whole cause -- the same schema under JSON_WS accepts all five)
[gate] todo: grammar rejects ['tabs'] rendering(s) (verify_strict=False; the declared-narrow whitespace policy is the whole cause -- the same schema under JSON_WS accepts all five)
[gate] inventory.restock_check: grammar rejects ['indent4', 'tabs'] rendering(s) (verify_strict=False; the declared-narrow whitespace policy is the whole cause -- the same schema under JSON_WS accepts all five)
[gate] obtener_cotizacion_de_creditos: grammar rejects ['tabs'] rendering(s) (verify_strict=False; the declared-narrow whitespace policy is the whole cause -- the same schema under JSON_WS accepts all five)
[gate] sum: grammar rejects ['tabs'] rendering(s) (verify_strict=False; the declared-narrow whitespace policy is the whole cause -- the same schema under JSON_WS accepts all five)
[gate] analysis_api.AnalysisApi.retrieve_analysis: grammar rejects ['tabs'] rendering(s) (verify_strict=False; the declared-narrow whitespace policy is the whole cause -- the same schema under JSON_WS accepts all five)
  [70/130] CS=1.000 schema=1.000 acc=0.672 nonempty=0.886
[gate] get_sensor_alerts: grammar rejects ['tabs'] rendering(s) (verify_strict=False; the declared-narrow whitespace policy is the whole cause -- the same schema under JSON_WS accepts all five)
[gate] extract_parameters_v1: grammar rejects ['indent4', 'tabs'] rendering(s) (verify_strict=False; the declared-narrow whitespace policy is the whole cause -- the same schema under JSON_WS accepts all five)
[gate] detect_beats_and_filter: grammar rejects ['tabs'] rendering(s) (verify_strict=False; the declared-narrow whitespace policy is the whole cause -- the same schema under JSON_WS accepts all five)
[gate] detect_beats_and_filter: grammar rejects ['tabs'] rendering(s) (verify_strict=False; the declared-narrow whitespace policy is the whole cause -- the same schema under JSON_WS accepts all five)
[gate] detect_beats_and_filter: grammar rejects ['tabs'] rendering(s) (verify_strict=False; the declared-narrow whitespace policy is the whole cause -- the same schema under JSON_WS accepts all five)
[gate] detect_beats_and_filter: grammar rejects ['tabs'] rendering(s) (verify_strict=False; the declared-narrow whitespace policy is the whole cause -- the same schema under JSON_WS accepts all five)
[gate] language_translator.translate: grammar rejects ['tabs'] rendering(s) (verify_strict=False; the declared-narrow whitespace policy is the whole cause -- the same schema under JSON_WS accepts all five)
[gate] weather.get: grammar rejects ['tabs'] rendering(s) (verify_strict=False; the declared-narrow whitespace policy is the whole cause -- the same schema under JSON_WS accepts all five)
[gate] send_email: grammar rejects ['tabs'] rendering(s) (verify_strict=False; the declared-narrow whitespace policy is the whole cause -- the same schema under JSON_WS accepts all five)
[gate] search_hotels: grammar rejects ['tabs'] rendering(s) (verify_strict=False; the declared-narrow whitespace policy is the whole cause -- the same schema under JSON_WS accepts all five)
  [80/130] CS=1.000 schema=1.000 acc=0.622 nonempty=0.900
[gate] sitefinity_create_contentitem: grammar rejects ['tabs'] rendering(s) (verify_strict=False; the declared-narrow whitespace policy is the whole cause -- the same schema under JSON_WS accepts all five)
